This is XeTeX, Version 3.141592653-2.6-0.999996 (TeX Live 2024) (preloaded format=xelatex 2024.10.27)  31 JUL 2025 22:25
entering extended mode
 restricted \write18 enabled.
 %&-line parsing enabled.
**Exploratory-Data-Analysis.tex
(./Exploratory-Data-Analysis.tex
LaTeX2e <2023-11-01> patch level 1
L3 programming layer <2024-02-20>
(/usr/local/texlive/2024/texmf-dist/tex/latex/base/article.cls
Document Class: article 2023/05/17 v1.4n Standard LaTeX document class
(/usr/local/texlive/2024/texmf-dist/tex/latex/base/size10.clo
File: size10.clo 2023/05/17 v1.4n Standard LaTeX file (size option)
)
\c@part=\count184
\c@section=\count185
\c@subsection=\count186
\c@subsubsection=\count187
\c@paragraph=\count188
\c@subparagraph=\count189
\c@figure=\count190
\c@table=\count191
\abovecaptionskip=\skip48
\belowcaptionskip=\skip49
\bibindent=\dimen140
) (/usr/local/texlive/2024/texmf-dist/tex/latex/amsmath/amsmath.sty
Package: amsmath 2023/05/13 v2.17o AMS math features
\@mathmargin=\skip50
For additional information on amsmath, use the `?' option.
(/usr/local/texlive/2024/texmf-dist/tex/latex/amsmath/amstext.sty
Package: amstext 2021/08/26 v2.01 AMS text
(/usr/local/texlive/2024/texmf-dist/tex/latex/amsmath/amsgen.sty
File: amsgen.sty 1999/11/30 v2.0 generic functions
\@emptytoks=\toks17
\ex@=\dimen141
)) (/usr/local/texlive/2024/texmf-dist/tex/latex/amsmath/amsbsy.sty
Package: amsbsy 1999/11/29 v1.2d Bold Symbols
\pmbraise@=\dimen142
) (/usr/local/texlive/2024/texmf-dist/tex/latex/amsmath/amsopn.sty
Package: amsopn 2022/04/08 v2.04 operator names
)
\inf@bad=\count192
LaTeX Info: Redefining \frac on input line 234.
\uproot@=\count193
\leftroot@=\count194
LaTeX Info: Redefining \overline on input line 399.
LaTeX Info: Redefining \colon on input line 410.
\classnum@=\count195
\DOTSCASE@=\count196
LaTeX Info: Redefining \ldots on input line 496.
LaTeX Info: Redefining \dots on input line 499.
LaTeX Info: Redefining \cdots on input line 620.
\Mathstrutbox@=\box51
\strutbox@=\box52
LaTeX Info: Redefining \big on input line 722.
LaTeX Info: Redefining \Big on input line 723.
LaTeX Info: Redefining \bigg on input line 724.
LaTeX Info: Redefining \Bigg on input line 725.
\big@size=\dimen143
LaTeX Font Info:    Redeclaring font encoding OML on input line 743.
LaTeX Font Info:    Redeclaring font encoding OMS on input line 744.
\macc@depth=\count197
LaTeX Info: Redefining \bmod on input line 905.
LaTeX Info: Redefining \pmod on input line 910.
LaTeX Info: Redefining \smash on input line 940.
LaTeX Info: Redefining \relbar on input line 970.
LaTeX Info: Redefining \Relbar on input line 971.
\c@MaxMatrixCols=\count198
\dotsspace@=\muskip16
\c@parentequation=\count199
\dspbrk@lvl=\count266
\tag@help=\toks18
\row@=\count267
\column@=\count268
\maxfields@=\count269
\andhelp@=\toks19
\eqnshift@=\dimen144
\alignsep@=\dimen145
\tagshift@=\dimen146
\tagwidth@=\dimen147
\totwidth@=\dimen148
\lineht@=\dimen149
\@envbody=\toks20
\multlinegap=\skip51
\multlinetaggap=\skip52
\mathdisplay@stack=\toks21
LaTeX Info: Redefining \[ on input line 2953.
LaTeX Info: Redefining \] on input line 2954.
) (/usr/local/texlive/2024/texmf-dist/tex/latex/amsfonts/amssymb.sty
Package: amssymb 2013/01/14 v3.01 AMS font symbols
(/usr/local/texlive/2024/texmf-dist/tex/latex/amsfonts/amsfonts.sty
Package: amsfonts 2013/01/14 v3.01 Basic AMSFonts support
\symAMSa=\mathgroup4
\symAMSb=\mathgroup5
LaTeX Font Info:    Redeclaring math symbol \hbar on input line 98.
LaTeX Font Info:    Overwriting math alphabet `\mathfrak' in version `bold'
(Font)                  U/euf/m/n --> U/euf/b/n on input line 106.
)) (/usr/local/texlive/2024/texmf-dist/tex/generic/iftex/iftex.sty
Package: iftex 2022/02/03 v1.0f TeX engine tests
) (/usr/local/texlive/2024/texmf-dist/tex/latex/unicode-math/unicode-math.sty (
/usr/local/texlive/2024/texmf-dist/tex/latex/l3kernel/expl3.sty
Package: expl3 2024-02-20 L3 programming layer (loader) 
(/usr/local/texlive/2024/texmf-dist/tex/latex/l3backend/l3backend-xetex.def
File: l3backend-xetex.def 2024-02-20 L3 backend support: XeTeX
\g__graphics_track_int=\count270
\l__pdf_internal_box=\box53
\g__pdf_backend_object_int=\count271
\g__pdf_backend_annotation_int=\count272
\g__pdf_backend_link_int=\count273
))
Package: unicode-math 2023/08/13 v0.8r Unicode maths in XeLaTeX and LuaLaTeX

(/usr/local/texlive/2024/texmf-dist/tex/latex/unicode-math/unicode-math-xetex.s
ty
Package: unicode-math-xetex 2023/08/13 v0.8r Unicode maths in XeLaTeX and LuaLa
TeX
(/usr/local/texlive/2024/texmf-dist/tex/latex/l3packages/xparse/xparse.sty
Package: xparse 2024-02-18 L3 Experimental document command parser
) (/usr/local/texlive/2024/texmf-dist/tex/latex/l3packages/l3keys2e/l3keys2e.st
y
Package: l3keys2e 2024-02-18 LaTeX2e option processing using LaTeX3 keys
) (/usr/local/texlive/2024/texmf-dist/tex/latex/fontspec/fontspec.sty
Package: fontspec 2024/02/13 v2.9a Font selection for XeLaTeX and LuaLaTeX
(/usr/local/texlive/2024/texmf-dist/tex/latex/fontspec/fontspec-xetex.sty
Package: fontspec-xetex 2024/02/13 v2.9a Font selection for XeLaTeX and LuaLaTe
X
\l__fontspec_script_int=\count274
\l__fontspec_language_int=\count275
\l__fontspec_strnum_int=\count276
\l__fontspec_tmp_int=\count277
\l__fontspec_tmpa_int=\count278
\l__fontspec_tmpb_int=\count279
\l__fontspec_tmpc_int=\count280
\l__fontspec_em_int=\count281
\l__fontspec_emdef_int=\count282
\l__fontspec_strong_int=\count283
\l__fontspec_strongdef_int=\count284
\l__fontspec_tmpa_dim=\dimen150
\l__fontspec_tmpb_dim=\dimen151
\l__fontspec_tmpc_dim=\dimen152
(/usr/local/texlive/2024/texmf-dist/tex/latex/base/fontenc.sty
Package: fontenc 2021/04/29 v2.0v Standard LaTeX package
) (/usr/local/texlive/2024/texmf-dist/tex/latex/fontspec/fontspec.cfg))) (/usr/
local/texlive/2024/texmf-dist/tex/latex/base/fix-cm.sty
Package: fix-cm 2020/11/24 v1.1t fixes to LaTeX
(/usr/local/texlive/2024/texmf-dist/tex/latex/base/ts1enc.def
File: ts1enc.def 2001/06/05 v3.0e (jk/car/fm) Standard LaTeX file
LaTeX Font Info:    Redeclaring font encoding TS1 on input line 47.
))
\g__um_fam_int=\count285
\g__um_fonts_used_int=\count286
\l__um_primecount_int=\count287
\g__um_primekern_muskip=\muskip17

(/usr/local/texlive/2024/texmf-dist/tex/latex/unicode-math/unicode-math-table.t
ex))) (/usr/local/texlive/2024/texmf-dist/tex/latex/lm/lmodern.sty
Package: lmodern 2015/05/01 v1.6.1 Latin Modern Fonts
LaTeX Font Info:    Overwriting symbol font `operators' in version `normal'
(Font)                  OT1/cmr/m/n --> OT1/lmr/m/n on input line 22.
LaTeX Font Info:    Overwriting symbol font `letters' in version `normal'
(Font)                  OML/cmm/m/it --> OML/lmm/m/it on input line 23.
LaTeX Font Info:    Overwriting symbol font `symbols' in version `normal'
(Font)                  OMS/cmsy/m/n --> OMS/lmsy/m/n on input line 24.
LaTeX Font Info:    Overwriting symbol font `largesymbols' in version `normal'
(Font)                  OMX/cmex/m/n --> OMX/lmex/m/n on input line 25.
LaTeX Font Info:    Overwriting symbol font `operators' in version `bold'
(Font)                  OT1/cmr/bx/n --> OT1/lmr/bx/n on input line 26.
LaTeX Font Info:    Overwriting symbol font `letters' in version `bold'
(Font)                  OML/cmm/b/it --> OML/lmm/b/it on input line 27.
LaTeX Font Info:    Overwriting symbol font `symbols' in version `bold'
(Font)                  OMS/cmsy/b/n --> OMS/lmsy/b/n on input line 28.
LaTeX Font Info:    Overwriting symbol font `largesymbols' in version `bold'
(Font)                  OMX/cmex/m/n --> OMX/lmex/m/n on input line 29.
LaTeX Font Info:    Overwriting math alphabet `\mathbf' in version `normal'
(Font)                  OT1/cmr/bx/n --> OT1/lmr/bx/n on input line 31.
LaTeX Font Info:    Overwriting math alphabet `\mathsf' in version `normal'
(Font)                  OT1/cmss/m/n --> OT1/lmss/m/n on input line 32.
LaTeX Font Info:    Overwriting math alphabet `\mathit' in version `normal'
(Font)                  OT1/cmr/m/it --> OT1/lmr/m/it on input line 33.
LaTeX Font Info:    Overwriting math alphabet `\mathtt' in version `normal'
(Font)                  OT1/cmtt/m/n --> OT1/lmtt/m/n on input line 34.
LaTeX Font Info:    Overwriting math alphabet `\mathbf' in version `bold'
(Font)                  OT1/cmr/bx/n --> OT1/lmr/bx/n on input line 35.
LaTeX Font Info:    Overwriting math alphabet `\mathsf' in version `bold'
(Font)                  OT1/cmss/bx/n --> OT1/lmss/bx/n on input line 36.
LaTeX Font Info:    Overwriting math alphabet `\mathit' in version `bold'
(Font)                  OT1/cmr/bx/it --> OT1/lmr/bx/it on input line 37.
LaTeX Font Info:    Overwriting math alphabet `\mathtt' in version `bold'
(Font)                  OT1/cmtt/m/n --> OT1/lmtt/m/n on input line 38.
) (/usr/local/texlive/2024/texmf-dist/tex/latex/upquote/upquote.sty
Package: upquote 2012/04/19 v1.3 upright-quote and grave-accent glyphs in verba
tim
(/usr/local/texlive/2024/texmf-dist/tex/latex/base/textcomp.sty
Package: textcomp 2020/02/02 v2.0n Standard LaTeX package
)) (/usr/local/texlive/2024/texmf-dist/tex/latex/microtype/microtype.sty
Package: microtype 2023/03/13 v3.1a Micro-typographical refinements (RS)
(/usr/local/texlive/2024/texmf-dist/tex/latex/graphics/keyval.sty
Package: keyval 2022/05/29 v1.15 key=value parser (DPC)
\KV@toks@=\toks22
) (/usr/local/texlive/2024/texmf-dist/tex/latex/etoolbox/etoolbox.sty
Package: etoolbox 2020/10/05 v2.5k e-TeX tools for LaTeX (JAW)
\etb@tempcnta=\count288
)
\MT@toks=\toks23
\MT@tempbox=\box54
\MT@count=\count289
LaTeX Info: Redefining \noprotrusionifhmode on input line 1059.
LaTeX Info: Redefining \leftprotrusion on input line 1060.
\MT@prot@toks=\toks24
LaTeX Info: Redefining \rightprotrusion on input line 1078.
LaTeX Info: Redefining \textls on input line 1368.
\MT@outer@kern=\dimen153
LaTeX Info: Redefining \textmicrotypecontext on input line 1988.
\MT@listname@count=\count290
(/usr/local/texlive/2024/texmf-dist/tex/latex/microtype/microtype-xetex.def
File: microtype-xetex.def 2023/03/13 v3.1a Definitions specific to xetex (RS)
LaTeX Info: Redefining \lsstyle on input line 238.
)
Package microtype Info: Loading configuration file microtype.cfg.
(/usr/local/texlive/2024/texmf-dist/tex/latex/microtype/microtype.cfg
File: microtype.cfg 2023/03/13 v3.1a microtype main configuration file (RS)
)) (/usr/local/texlive/2024/texmf-dist/tex/latex/parskip/parskip.sty
Package: parskip 2021-03-14 v2.0h non-zero parskip adjustments
(/usr/local/texlive/2024/texmf-dist/tex/latex/kvoptions/kvoptions.sty
Package: kvoptions 2022-06-15 v3.15 Key value format for package options (HO)
(/usr/local/texlive/2024/texmf-dist/tex/generic/ltxcmds/ltxcmds.sty
Package: ltxcmds 2023-12-04 v1.26 LaTeX kernel commands for general use (HO)
) (/usr/local/texlive/2024/texmf-dist/tex/latex/kvsetkeys/kvsetkeys.sty
Package: kvsetkeys 2022-10-05 v1.19 Key value parser (HO)
))) (/usr/local/texlive/2024/texmf-dist/tex/latex/xcolor/xcolor.sty
Package: xcolor 2023/11/15 v3.01 LaTeX color extensions (UK)
(/usr/local/texlive/2024/texmf-dist/tex/latex/graphics-cfg/color.cfg
File: color.cfg 2016/01/02 v1.6 sample color configuration
)
Package xcolor Info: Driver file: xetex.def on input line 274.
(/usr/local/texlive/2024/texmf-dist/tex/latex/graphics-def/xetex.def
File: xetex.def 2022/09/22 v5.0n Graphics/color driver for xetex
) (/usr/local/texlive/2024/texmf-dist/tex/latex/graphics/mathcolor.ltx)
Package xcolor Info: Model `cmy' substituted by `cmy0' on input line 1350.
Package xcolor Info: Model `RGB' extended on input line 1366.
Package xcolor Info: Model `HTML' substituted by `rgb' on input line 1368.
Package xcolor Info: Model `Hsb' substituted by `hsb' on input line 1369.
Package xcolor Info: Model `tHsb' substituted by `hsb' on input line 1370.
Package xcolor Info: Model `HSB' substituted by `hsb' on input line 1371.
Package xcolor Info: Model `Gray' substituted by `gray' on input line 1372.
Package xcolor Info: Model `wave' substituted by `hsb' on input line 1373.
) (/usr/local/texlive/2024/texmf-dist/tex/latex/geometry/geometry.sty
Package: geometry 2020/01/02 v5.9 Page Geometry
(/usr/local/texlive/2024/texmf-dist/tex/generic/iftex/ifvtex.sty
Package: ifvtex 2019/10/25 v1.7 ifvtex legacy package. Use iftex instead.
)
\Gm@cnth=\count291
\Gm@cntv=\count292
\c@Gm@tempcnt=\count293
\Gm@bindingoffset=\dimen154
\Gm@wd@mp=\dimen155
\Gm@odd@mp=\dimen156
\Gm@even@mp=\dimen157
\Gm@layoutwidth=\dimen158
\Gm@layoutheight=\dimen159
\Gm@layouthoffset=\dimen160
\Gm@layoutvoffset=\dimen161
\Gm@dimlist=\toks25
) (/usr/local/texlive/2024/texmf-dist/tex/latex/fancyvrb/fancyvrb.sty
Package: fancyvrb 2024/01/20 4.5c verbatim text (tvz,hv)
\FV@CodeLineNo=\count294
\FV@InFile=\read2
\FV@TabBox=\box55
\c@FancyVerbLine=\count295
\FV@StepNumber=\count296
\FV@OutFile=\write3
) (/usr/local/texlive/2024/texmf-dist/tex/latex/framed/framed.sty
Package: framed 2011/10/22 v 0.96: framed or shaded text with page breaks
\OuterFrameSep=\skip53
\fb@frw=\dimen162
\fb@frh=\dimen163
\FrameRule=\dimen164
\FrameSep=\dimen165
) (/usr/local/texlive/2024/texmf-dist/tex/latex/tools/longtable.sty
Package: longtable 2023-11-01 v4.19 Multi-page Table package (DPC)
\LTleft=\skip54
\LTright=\skip55
\LTpre=\skip56
\LTpost=\skip57
\LTchunksize=\count297
\LTcapwidth=\dimen166
\LT@head=\box56
\LT@firsthead=\box57
\LT@foot=\box58
\LT@lastfoot=\box59
\LT@gbox=\box60
\LT@cols=\count298
\LT@rows=\count299
\c@LT@tables=\count300
\c@LT@chunks=\count301
\LT@p@ftn=\toks26
) (/usr/local/texlive/2024/texmf-dist/tex/latex/booktabs/booktabs.sty
Package: booktabs 2020/01/12 v1.61803398 Publication quality tables
\heavyrulewidth=\dimen167
\lightrulewidth=\dimen168
\cmidrulewidth=\dimen169
\belowrulesep=\dimen170
\belowbottomsep=\dimen171
\aboverulesep=\dimen172
\abovetopsep=\dimen173
\cmidrulesep=\dimen174
\cmidrulekern=\dimen175
\defaultaddspace=\dimen176
\@cmidla=\count302
\@cmidlb=\count303
\@aboverulesep=\dimen177
\@belowrulesep=\dimen178
\@thisruleclass=\count304
\@lastruleclass=\count305
\@thisrulewidth=\dimen179
) (/usr/local/texlive/2024/texmf-dist/tex/latex/tools/array.sty
Package: array 2023/10/16 v2.5g Tabular extension package (FMi)
\col@sep=\dimen180
\ar@mcellbox=\box61
\extrarowheight=\dimen181
\NC@list=\toks27
\extratabsurround=\skip58
\backup@length=\skip59
\ar@cellbox=\box62
) (/usr/local/texlive/2024/texmf-dist/tex/latex/tools/calc.sty
Package: calc 2023/07/08 v4.3 Infix arithmetic (KKT,FJ)
\calc@Acount=\count306
\calc@Bcount=\count307
\calc@Adimen=\dimen182
\calc@Bdimen=\dimen183
\calc@Askip=\skip60
\calc@Bskip=\skip61
LaTeX Info: Redefining \setlength on input line 80.
LaTeX Info: Redefining \addtolength on input line 81.
\calc@Ccount=\count308
\calc@Cskip=\skip62
) (/usr/local/texlive/2024/texmf-dist/tex/latex/footnotehyper/footnotehyper.sty
Package: footnotehyper 2021/08/13 v1.1e hyperref aware footnote.sty (JFB)
\FNH@notes=\box63
\FNH@width=\dimen184
\FNH@toks=\toks28
) (/usr/local/texlive/2024/texmf-dist/tex/latex/graphics/graphicx.sty
Package: graphicx 2021/09/16 v1.2d Enhanced LaTeX Graphics (DPC,SPQR)
(/usr/local/texlive/2024/texmf-dist/tex/latex/graphics/graphics.sty
Package: graphics 2022/03/10 v1.4e Standard LaTeX Graphics (DPC,SPQR)
(/usr/local/texlive/2024/texmf-dist/tex/latex/graphics/trig.sty
Package: trig 2021/08/11 v1.11 sin cos tan (DPC)
) (/usr/local/texlive/2024/texmf-dist/tex/latex/graphics-cfg/graphics.cfg
File: graphics.cfg 2016/06/04 v1.11 sample graphics configuration
)
Package graphics Info: Driver file: xetex.def on input line 107.
)
\Gin@req@height=\dimen185
\Gin@req@width=\dimen186
)
\pandoc@box=\box64
(/usr/local/texlive/2024/texmf-dist/tex/latex/graphics/lscape.sty
Package: lscape 2020/05/28 v3.02 Landscape Pages (DPC)
) (/usr/local/texlive/2024/texmf-dist/tex/latex/multirow/multirow.sty
Package: multirow 2021/03/15 v2.8 Span multiple rows of a table
\multirow@colwidth=\skip63
\multirow@cntb=\count309
\multirow@dima=\skip64
\bigstrutjot=\dimen187
) (/usr/local/texlive/2024/texmf-dist/tex/latex/wrapfig/wrapfig.sty
\wrapoverhang=\dimen188
\WF@size=\dimen189
\c@WF@wrappedlines=\count310
\WF@box=\box65
\WF@everypar=\toks29
Package: wrapfig 2003/01/31  v 3.6
) (/usr/local/texlive/2024/texmf-dist/tex/latex/float/float.sty
Package: float 2001/11/08 v1.3d Float enhancements (AL)
\c@float@type=\count311
\float@exts=\toks30
\float@box=\box66
\@float@everytoks=\toks31
\@floatcapt=\box67
) (/usr/local/texlive/2024/texmf-dist/tex/latex/colortbl/colortbl.sty
Package: colortbl 2024/02/20 v1.0g Color table columns (DPC)
\everycr=\toks32
\minrowclearance=\skip65
\rownum=\count312
) (/usr/local/texlive/2024/texmf-dist/tex/latex/pdflscape/pdflscape.sty
Package: pdflscape 2022-10-27 v0.13 Display of landscape pages in PDF

(/usr/local/texlive/2024/texmf-dist/tex/latex/pdflscape/pdflscape-nometadata.st
y
Package: pdflscape-nometadata 2022-10-28 v0.13 Display of landscape pages in PD
F (HO)
Package pdflscape Info: Auto-detected driver: dvipdfm (xetex) on input line 98.

)) (/usr/local/texlive/2024/texmf-dist/tex/latex/tabu/tabu.sty
Package: tabu 2019/01/11 v2.9 - flexible LaTeX tabulars (FC+tabu-fixed)
(/usr/local/texlive/2024/texmf-dist/tex/latex/varwidth/varwidth.sty
Package: varwidth 2009/03/30 ver 0.92;  Variable-width minipages
\@vwid@box=\box68
\sift@deathcycles=\count313
\@vwid@loff=\dimen190
\@vwid@roff=\dimen191
)
\c@taburow=\count314
\tabu@nbcols=\count315
\tabu@cnt=\count316
\tabu@Xcol=\count317
\tabu@alloc=\count318
\tabu@nested=\count319
\tabu@target=\dimen192
\tabu@spreadtarget=\dimen193
\tabu@naturalX=\dimen194
\tabucolX=\dimen195
\tabu@Xsum=\dimen196
\extrarowdepth=\dimen197
\abovetabulinesep=\dimen198
\belowtabulinesep=\dimen199
\tabustrutrule=\dimen256
\tabu@thebody=\toks33
\tabu@footnotes=\toks34
\tabu@box=\box69
\tabu@arstrutbox=\box70
\tabu@hleads=\box71
\tabu@vleads=\box72
\tabu@cellskip=\skip66
)
(/usr/local/texlive/2024/texmf-dist/tex/latex/threeparttable/threeparttable.sty
Package: threeparttable 2003/06/13  v 3.0
\@tempboxb=\box73
)
(/usr/local/texlive/2024/texmf-dist/tex/latex/threeparttablex/threeparttablex.s
ty
Package: threeparttablex 2013/07/23 v0.3 by daleif
(/usr/local/texlive/2024/texmf-dist/tex/latex/environ/environ.sty
Package: environ 2014/05/04 v0.3 A new way to define environments
(/usr/local/texlive/2024/texmf-dist/tex/latex/trimspaces/trimspaces.sty
Package: trimspaces 2009/09/17 v1.1 Trim spaces around a token list
))
\TPTL@width=\skip67
) (/usr/local/texlive/2024/texmf-dist/tex/generic/ulem/ulem.sty
\UL@box=\box74
\UL@hyphenbox=\box75
\UL@skip=\skip68
\UL@hook=\toks35
\UL@height=\dimen257
\UL@pe=\count320
\UL@pixel=\dimen258
\ULC@box=\box76
Package: ulem 2019/11/18
\ULdepth=\dimen259
) (/usr/local/texlive/2024/texmf-dist/tex/latex/makecell/makecell.sty
Package: makecell 2009/08/03 V0.1e Managing of Tab Column Heads and Cells
\rotheadsize=\dimen260
\c@nlinenum=\count321
\TeXr@lab=\toks36
) (/usr/local/texlive/2024/texmf-dist/tex/latex/bookmark/bookmark.sty
Package: bookmark 2023-12-10 v1.31 PDF bookmarks (HO)
(/usr/local/texlive/2024/texmf-dist/tex/latex/hyperref/hyperref.sty
Package: hyperref 2024-01-20 v7.01h Hypertext links for LaTeX
(/usr/local/texlive/2024/texmf-dist/tex/generic/kvdefinekeys/kvdefinekeys.sty
Package: kvdefinekeys 2019-12-19 v1.6 Define keys (HO)
) (/usr/local/texlive/2024/texmf-dist/tex/generic/pdfescape/pdfescape.sty
Package: pdfescape 2019/12/09 v1.15 Implements pdfTeX's escape features (HO)
(/usr/local/texlive/2024/texmf-dist/tex/generic/pdftexcmds/pdftexcmds.sty
Package: pdftexcmds 2020-06-27 v0.33 Utility functions of pdfTeX for LuaTeX (HO
)
(/usr/local/texlive/2024/texmf-dist/tex/generic/infwarerr/infwarerr.sty
Package: infwarerr 2019/12/03 v1.5 Providing info/warning/error messages (HO)
)
Package pdftexcmds Info: \pdf@primitive is available.
Package pdftexcmds Info: \pdf@ifprimitive is available.
Package pdftexcmds Info: \pdfdraftmode not found.
)) (/usr/local/texlive/2024/texmf-dist/tex/latex/hycolor/hycolor.sty
Package: hycolor 2020-01-27 v1.10 Color options for hyperref/bookmark (HO)
) (/usr/local/texlive/2024/texmf-dist/tex/latex/auxhook/auxhook.sty
Package: auxhook 2019-12-17 v1.6 Hooks for auxiliary files (HO)
) (/usr/local/texlive/2024/texmf-dist/tex/latex/hyperref/nameref.sty
Package: nameref 2023-11-26 v2.56 Cross-referencing by name of section
(/usr/local/texlive/2024/texmf-dist/tex/latex/refcount/refcount.sty
Package: refcount 2019/12/15 v3.6 Data extraction from label references (HO)
)
(/usr/local/texlive/2024/texmf-dist/tex/generic/gettitlestring/gettitlestring.s
ty
Package: gettitlestring 2019/12/15 v1.6 Cleanup title references (HO)
)
\c@section@level=\count322
)
\@linkdim=\dimen261
\Hy@linkcounter=\count323
\Hy@pagecounter=\count324
(/usr/local/texlive/2024/texmf-dist/tex/latex/hyperref/pd1enc.def
File: pd1enc.def 2024-01-20 v7.01h Hyperref: PDFDocEncoding definition (HO)
) (/usr/local/texlive/2024/texmf-dist/tex/generic/intcalc/intcalc.sty
Package: intcalc 2019/12/15 v1.3 Expandable calculations with integers (HO)
)
\Hy@SavedSpaceFactor=\count325
(/usr/local/texlive/2024/texmf-dist/tex/latex/hyperref/puenc.def
File: puenc.def 2024-01-20 v7.01h Hyperref: PDF Unicode definition (HO)
)
Package hyperref Info: Option `unicode' set `true' on input line 4062.
Package hyperref Info: Hyper figures OFF on input line 4179.
Package hyperref Info: Link nesting OFF on input line 4184.
Package hyperref Info: Hyper index ON on input line 4187.
Package hyperref Info: Plain pages OFF on input line 4194.
Package hyperref Info: Backreferencing OFF on input line 4199.
Package hyperref Info: Implicit mode ON; LaTeX internals redefined.
Package hyperref Info: Bookmarks ON on input line 4446.
\c@Hy@tempcnt=\count326
(/usr/local/texlive/2024/texmf-dist/tex/latex/url/url.sty
\Urlmuskip=\muskip18
Package: url 2013/09/16  ver 3.4  Verb mode for urls, etc.
)
LaTeX Info: Redefining \url on input line 4784.
\XeTeXLinkMargin=\dimen262
(/usr/local/texlive/2024/texmf-dist/tex/generic/bitset/bitset.sty
Package: bitset 2019/12/09 v1.3 Handle bit-vector datatype (HO)
(/usr/local/texlive/2024/texmf-dist/tex/generic/bigintcalc/bigintcalc.sty
Package: bigintcalc 2019/12/15 v1.5 Expandable calculations on big integers (HO
)
))
\Fld@menulength=\count327
\Field@Width=\dimen263
\Fld@charsize=\dimen264
Package hyperref Info: Hyper figures OFF on input line 6063.
Package hyperref Info: Link nesting OFF on input line 6068.
Package hyperref Info: Hyper index ON on input line 6071.
Package hyperref Info: backreferencing OFF on input line 6078.
Package hyperref Info: Link coloring OFF on input line 6083.
Package hyperref Info: Link coloring with OCG OFF on input line 6088.
Package hyperref Info: PDF/A mode OFF on input line 6093.
(/usr/local/texlive/2024/texmf-dist/tex/latex/base/atbegshi-ltx.sty
Package: atbegshi-ltx 2021/01/10 v1.0c Emulation of the original atbegshi
package with kernel methods
)
\Hy@abspage=\count328
\c@Item=\count329
\c@Hfootnote=\count330
)
Package hyperref Info: Driver (autodetected): hxetex.
(/usr/local/texlive/2024/texmf-dist/tex/latex/hyperref/hxetex.def
File: hxetex.def 2024-01-20 v7.01h Hyperref driver for XeTeX
(/usr/local/texlive/2024/texmf-dist/tex/generic/stringenc/stringenc.sty
Package: stringenc 2019/11/29 v1.12 Convert strings between diff. encodings (HO
)
)
\pdfm@box=\box77
\c@Hy@AnnotLevel=\count331
\HyField@AnnotCount=\count332
\Fld@listcount=\count333
\c@bookmark@seq@number=\count334

(/usr/local/texlive/2024/texmf-dist/tex/latex/rerunfilecheck/rerunfilecheck.sty
Package: rerunfilecheck 2022-07-10 v1.10 Rerun checks for auxiliary files (HO)
(/usr/local/texlive/2024/texmf-dist/tex/latex/base/atveryend-ltx.sty
Package: atveryend-ltx 2020/08/19 v1.0a Emulation of the original atveryend pac
kage
with kernel methods
)
(/usr/local/texlive/2024/texmf-dist/tex/generic/uniquecounter/uniquecounter.sty
Package: uniquecounter 2019/12/15 v1.4 Provide unlimited unique counter (HO)
)
Package uniquecounter Info: New unique counter `rerunfilecheck' on input line 2
85.
)
\Hy@SectionHShift=\skip69
) (/usr/local/texlive/2024/texmf-dist/tex/latex/bookmark/bkm-dvipdfm.def
File: bkm-dvipdfm.def 2023-12-10 v1.31 bookmark driver for dvipdfm (HO)
\BKM@id=\count335
)) (/usr/local/texlive/2024/texmf-dist/tex/latex/xurl/xurl.sty
Package: xurl 2022/01/09 v 0.10 modify URL breaks
) (./Exploratory-Data-Analysis.aux

LaTeX Warning: Label `tab:Correlation' multiply defined.


LaTeX Warning: Label `tab:Correlation' multiply defined.


LaTeX Warning: Label `tab:Correlation' multiply defined.

)
\openout1 = `Exploratory-Data-Analysis.aux'.

LaTeX Font Info:    Checking defaults for OML/cmm/m/it on input line 138.
LaTeX Font Info:    ... okay on input line 138.
LaTeX Font Info:    Checking defaults for OMS/cmsy/m/n on input line 138.
LaTeX Font Info:    ... okay on input line 138.
LaTeX Font Info:    Checking defaults for OT1/cmr/m/n on input line 138.
LaTeX Font Info:    ... okay on input line 138.
LaTeX Font Info:    Checking defaults for T1/cmr/m/n on input line 138.
LaTeX Font Info:    ... okay on input line 138.
LaTeX Font Info:    Checking defaults for TS1/cmr/m/n on input line 138.
LaTeX Font Info:    ... okay on input line 138.
LaTeX Font Info:    Checking defaults for TU/lmr/m/n on input line 138.
LaTeX Font Info:    ... okay on input line 138.
LaTeX Font Info:    Checking defaults for OMX/cmex/m/n on input line 138.
LaTeX Font Info:    ... okay on input line 138.
LaTeX Font Info:    Checking defaults for U/cmr/m/n on input line 138.
LaTeX Font Info:    ... okay on input line 138.
LaTeX Font Info:    Checking defaults for PD1/pdf/m/n on input line 138.
LaTeX Font Info:    ... okay on input line 138.
LaTeX Font Info:    Checking defaults for PU/pdf/m/n on input line 138.
LaTeX Font Info:    ... okay on input line 138.
LaTeX Font Info:    Overwriting math alphabet `\mathrm' in version `normal'
(Font)                  OT1/lmr/m/n --> TU/lmr/m/n on input line 138.
LaTeX Font Info:    Overwriting math alphabet `\mathit' in version `normal'
(Font)                  OT1/lmr/m/it --> TU/lmr/m/it on input line 138.
LaTeX Font Info:    Overwriting math alphabet `\mathbf' in version `normal'
(Font)                  OT1/lmr/bx/n --> TU/lmr/bx/n on input line 138.
LaTeX Font Info:    Overwriting math alphabet `\mathsf' in version `normal'
(Font)                  OT1/lmss/m/n --> TU/lmss/m/n on input line 138.
LaTeX Font Info:    Overwriting math alphabet `\mathsf' in version `bold'
(Font)                  OT1/lmss/bx/n --> TU/lmss/bx/n on input line 138.
LaTeX Font Info:    Overwriting math alphabet `\mathtt' in version `normal'
(Font)                  OT1/lmtt/m/n --> TU/lmtt/m/n on input line 138.
LaTeX Font Info:    Overwriting math alphabet `\mathtt' in version `bold'
(Font)                  OT1/lmtt/m/n --> TU/lmtt/bx/n on input line 138.

Package fontspec Info: latinmodern-math scale = 0.9999964596882403.


Package fontspec Info: latinmodern-math scale = 0.9999964596882403.


Package fontspec Info: latinmodern-math scale = 0.9999964596882403.


Package fontspec Info: Font family 'latinmodern-math.otf(0)' created for font
(fontspec)             'latinmodern-math.otf' with options
(fontspec)             [Scale=MatchLowercase,BoldItalicFont={},ItalicFont={},Sm
allCapsFont={},Script=Math,BoldFont={latinmodern-math.otf}].
(fontspec)              
(fontspec)              This font family consists of the following NFSS
(fontspec)             series/shapes:
(fontspec)              
(fontspec)             - 'normal' (m/n) with NFSS spec.:
(fontspec)             <->s*[0.9999964596882403]"[latinmodern-math.otf]/OT:scri
pt=math;language=dflt;"
(fontspec)             - 'small caps'  (m/sc) with NFSS spec.: 
(fontspec)             - 'bold' (b/n) with NFSS spec.:
(fontspec)             <->s*[0.9999964596882403]"[latinmodern-math.otf]/OT:scri
pt=math;language=dflt;"
(fontspec)             - 'bold small caps'  (b/sc) with NFSS spec.: 

LaTeX Font Info:    Font shape `TU/latinmodern-math.otf(0)/m/n' will be
(Font)              scaled to size 10.0pt on input line 138.

Package fontspec Info: latinmodern-math scale = 0.9999964596882403.


Package fontspec Info: latinmodern-math scale = 0.9999964596882403.


Package fontspec Info: latinmodern-math scale = 0.9999964596882403.


Package fontspec Info: latinmodern-math scale = 0.9999964596882403.


Package fontspec Info: latinmodern-math scale = 0.9999964596882403.


Package fontspec Info: Font family 'latinmodern-math.otf(1)' created for font
(fontspec)             'latinmodern-math.otf' with options
(fontspec)             [Scale=MatchLowercase,BoldItalicFont={},ItalicFont={},Sm
allCapsFont={},Script=Math,SizeFeatures={{Size=8.5-},{Size=6-8.5,Font=latinmode
rn-math.otf,Style=MathScript},{Size=-6,Font=latinmodern-math.otf,Style=MathScri
ptScript}},BoldFont={latinmodern-math.otf}].
(fontspec)              
(fontspec)              This font family consists of the following NFSS
(fontspec)             series/shapes:
(fontspec)              
(fontspec)             - 'normal' (m/n) with NFSS spec.:
(fontspec)             <8.5->s*[0.9999964596882403]"[latinmodern-math.otf]/OT:s
cript=math;language=dflt;"<6-8.5>s*[0.9999964596882403]"[latinmodern-math.otf]/
OT:script=math;language=dflt;+ssty=0;"<-6>s*[0.9999964596882403]"[latinmodern-m
ath.otf]/OT:script=math;language=dflt;+ssty=1;"
(fontspec)             - 'small caps'  (m/sc) with NFSS spec.: 
(fontspec)             - 'bold' (b/n) with NFSS spec.:
(fontspec)             <->s*[0.9999964596882403]"[latinmodern-math.otf]/OT:scri
pt=math;language=dflt;"
(fontspec)             - 'bold small caps'  (b/sc) with NFSS spec.: 

LaTeX Font Info:    Font shape `TU/latinmodern-math.otf(1)/m/n' will be
(Font)              scaled to size 10.0pt on input line 138.
LaTeX Font Info:    Encoding `OT1' has changed to `TU' for symbol font
(Font)              `operators' in the math version `normal' on input line 138.

LaTeX Font Info:    Overwriting symbol font `operators' in version `normal'
(Font)                  OT1/lmr/m/n --> TU/latinmodern-math.otf(1)/m/n on input
 line 138.
LaTeX Font Info:    Encoding `OT1' has changed to `TU' for symbol font
(Font)              `operators' in the math version `bold' on input line 138.
LaTeX Font Info:    Overwriting symbol font `operators' in version `bold'
(Font)                  OT1/lmr/bx/n --> TU/latinmodern-math.otf(1)/b/n on inpu
t line 138.

Package fontspec Info: latinmodern-math scale = 0.9999964596882403.


Package fontspec Info: latinmodern-math scale = 1.000096459334209.


Package fontspec Info: latinmodern-math scale = 0.9999964596882403.


Package fontspec Info: latinmodern-math scale = 1.000096459334209.


Package fontspec Info: latinmodern-math scale = 0.9999964596882403.


Package fontspec Info: latinmodern-math scale = 1.000096459334209.


Package fontspec Info: latinmodern-math scale = 0.9999964596882403.


Package fontspec Info: latinmodern-math scale = 1.000096459334209.


Package fontspec Info: latinmodern-math scale = 0.9999964596882403.


Package fontspec Info: latinmodern-math scale = 1.000096459334209.


Package fontspec Info: Font family 'latinmodern-math.otf(2)' created for font
(fontspec)             'latinmodern-math.otf' with options
(fontspec)             [Scale=MatchLowercase,BoldItalicFont={},ItalicFont={},Sm
allCapsFont={},Script=Math,SizeFeatures={{Size=8.5-},{Size=6-8.5,Font=latinmode
rn-math.otf,Style=MathScript},{Size=-6,Font=latinmodern-math.otf,Style=MathScri
ptScript}},BoldFont={latinmodern-math.otf},ScaleAgain=1.0001,FontAdjustment={\f
ontdimen
(fontspec)             8\font =6.77pt\relax \fontdimen 9\font =3.94pt\relax
(fontspec)             \fontdimen 10\font =4.44pt\relax \fontdimen 11\font
(fontspec)             =6.86pt\relax \fontdimen 12\font =3.45pt\relax
(fontspec)             \fontdimen 13\font =3.63pt\relax \fontdimen 14\font
(fontspec)             =3.63pt\relax \fontdimen 15\font =2.89pt\relax
(fontspec)             \fontdimen 16\font =2.47pt\relax \fontdimen 17\font
(fontspec)             =2.47pt\relax \fontdimen 18\font =2.5pt\relax
(fontspec)             \fontdimen 19\font =2.0pt\relax \fontdimen 22\font
(fontspec)             =2.5pt\relax \fontdimen 20\font =0pt\relax \fontdimen
(fontspec)             21\font =0pt\relax }].
(fontspec)              
(fontspec)              This font family consists of the following NFSS
(fontspec)             series/shapes:
(fontspec)              
(fontspec)             - 'normal' (m/n) with NFSS spec.:
(fontspec)             <8.5->s*[1.000096459334209]"[latinmodern-math.otf]/OT:sc
ript=math;language=dflt;"<6-8.5>s*[1.000096459334209]"[latinmodern-math.otf]/OT
:script=math;language=dflt;+ssty=0;"<-6>s*[1.000096459334209]"[latinmodern-math
.otf]/OT:script=math;language=dflt;+ssty=1;"
(fontspec)             - 'small caps'  (m/sc) with NFSS spec.: 
(fontspec)             and font adjustment code:
(fontspec)             \fontdimen 8\font =6.77pt\relax \fontdimen 9\font
(fontspec)             =3.94pt\relax \fontdimen 10\font =4.44pt\relax
(fontspec)             \fontdimen 11\font =6.86pt\relax \fontdimen 12\font
(fontspec)             =3.45pt\relax \fontdimen 13\font =3.63pt\relax
(fontspec)             \fontdimen 14\font =3.63pt\relax \fontdimen 15\font
(fontspec)             =2.89pt\relax \fontdimen 16\font =2.47pt\relax
(fontspec)             \fontdimen 17\font =2.47pt\relax \fontdimen 18\font
(fontspec)             =2.5pt\relax \fontdimen 19\font =2.0pt\relax \fontdimen
(fontspec)             22\font =2.5pt\relax \fontdimen 20\font =0pt\relax
(fontspec)             \fontdimen 21\font =0pt\relax 
(fontspec)             - 'bold' (b/n) with NFSS spec.:
(fontspec)             <->s*[1.000096459334209]"[latinmodern-math.otf]/OT:scrip
t=math;language=dflt;"
(fontspec)             - 'bold small caps'  (b/sc) with NFSS spec.: 
(fontspec)             and font adjustment code:
(fontspec)             \fontdimen 8\font =6.77pt\relax \fontdimen 9\font
(fontspec)             =3.94pt\relax \fontdimen 10\font =4.44pt\relax
(fontspec)             \fontdimen 11\font =6.86pt\relax \fontdimen 12\font
(fontspec)             =3.45pt\relax \fontdimen 13\font =3.63pt\relax
(fontspec)             \fontdimen 14\font =3.63pt\relax \fontdimen 15\font
(fontspec)             =2.89pt\relax \fontdimen 16\font =2.47pt\relax
(fontspec)             \fontdimen 17\font =2.47pt\relax \fontdimen 18\font
(fontspec)             =2.5pt\relax \fontdimen 19\font =2.0pt\relax \fontdimen
(fontspec)             22\font =2.5pt\relax \fontdimen 20\font =0pt\relax
(fontspec)             \fontdimen 21\font =0pt\relax 

LaTeX Font Info:    Encoding `OMS' has changed to `TU' for symbol font
(Font)              `symbols' in the math version `normal' on input line 138.
LaTeX Font Info:    Overwriting symbol font `symbols' in version `normal'
(Font)                  OMS/lmsy/m/n --> TU/latinmodern-math.otf(2)/m/n on inpu
t line 138.
LaTeX Font Info:    Encoding `OMS' has changed to `TU' for symbol font
(Font)              `symbols' in the math version `bold' on input line 138.
LaTeX Font Info:    Overwriting symbol font `symbols' in version `bold'
(Font)                  OMS/lmsy/b/n --> TU/latinmodern-math.otf(2)/b/n on inpu
t line 138.

Package fontspec Info: latinmodern-math scale = 0.9999964596882403.


Package fontspec Info: latinmodern-math scale = 0.9998964600422715.


Package fontspec Info: latinmodern-math scale = 0.9999964596882403.


Package fontspec Info: latinmodern-math scale = 0.9998964600422715.


Package fontspec Info: latinmodern-math scale = 0.9999964596882403.


Package fontspec Info: latinmodern-math scale = 0.9998964600422715.


Package fontspec Info: latinmodern-math scale = 0.9999964596882403.


Package fontspec Info: latinmodern-math scale = 0.9998964600422715.


Package fontspec Info: latinmodern-math scale = 0.9999964596882403.


Package fontspec Info: latinmodern-math scale = 0.9998964600422715.


Package fontspec Info: Font family 'latinmodern-math.otf(3)' created for font
(fontspec)             'latinmodern-math.otf' with options
(fontspec)             [Scale=MatchLowercase,BoldItalicFont={},ItalicFont={},Sm
allCapsFont={},Script=Math,SizeFeatures={{Size=8.5-},{Size=6-8.5,Font=latinmode
rn-math.otf,Style=MathScript},{Size=-6,Font=latinmodern-math.otf,Style=MathScri
ptScript}},BoldFont={latinmodern-math.otf},ScaleAgain=0.9999,FontAdjustment={\f
ontdimen
(fontspec)             8\font =0.4pt\relax \fontdimen 9\font =2.0pt\relax
(fontspec)             \fontdimen 10\font =1.67pt\relax \fontdimen 11\font
(fontspec)             =1.11pt\relax \fontdimen 12\font =6.0pt\relax
(fontspec)             \fontdimen 13\font =0pt\relax }].
(fontspec)              
(fontspec)              This font family consists of the following NFSS
(fontspec)             series/shapes:
(fontspec)              
(fontspec)             - 'normal' (m/n) with NFSS spec.:
(fontspec)             <8.5->s*[0.9998964600422715]"[latinmodern-math.otf]/OT:s
cript=math;language=dflt;"<6-8.5>s*[0.9998964600422715]"[latinmodern-math.otf]/
OT:script=math;language=dflt;+ssty=0;"<-6>s*[0.9998964600422715]"[latinmodern-m
ath.otf]/OT:script=math;language=dflt;+ssty=1;"
(fontspec)             - 'small caps'  (m/sc) with NFSS spec.: 
(fontspec)             and font adjustment code:
(fontspec)             \fontdimen 8\font =0.4pt\relax \fontdimen 9\font
(fontspec)             =2.0pt\relax \fontdimen 10\font =1.67pt\relax
(fontspec)             \fontdimen 11\font =1.11pt\relax \fontdimen 12\font
(fontspec)             =6.0pt\relax \fontdimen 13\font =0pt\relax 
(fontspec)             - 'bold' (b/n) with NFSS spec.:
(fontspec)             <->s*[0.9998964600422715]"[latinmodern-math.otf]/OT:scri
pt=math;language=dflt;"
(fontspec)             - 'bold small caps'  (b/sc) with NFSS spec.: 
(fontspec)             and font adjustment code:
(fontspec)             \fontdimen 8\font =0.4pt\relax \fontdimen 9\font
(fontspec)             =2.0pt\relax \fontdimen 10\font =1.67pt\relax
(fontspec)             \fontdimen 11\font =1.11pt\relax \fontdimen 12\font
(fontspec)             =6.0pt\relax \fontdimen 13\font =0pt\relax 

LaTeX Font Info:    Encoding `OMX' has changed to `TU' for symbol font
(Font)              `largesymbols' in the math version `normal' on input line 1
38.
LaTeX Font Info:    Overwriting symbol font `largesymbols' in version `normal'
(Font)                  OMX/lmex/m/n --> TU/latinmodern-math.otf(3)/m/n on inpu
t line 138.
LaTeX Font Info:    Encoding `OMX' has changed to `TU' for symbol font
(Font)              `largesymbols' in the math version `bold' on input line 138
.
LaTeX Font Info:    Overwriting symbol font `largesymbols' in version `bold'
(Font)                  OMX/lmex/m/n --> TU/latinmodern-math.otf(3)/b/n on inpu
t line 138.
LaTeX Info: Redefining \microtypecontext on input line 138.
Package microtype Info: Applying patch `item' on input line 138.
Package microtype Info: Applying patch `toc' on input line 138.
Package microtype Info: Applying patch `eqnum' on input line 138.
Package microtype Info: Applying patch `footnote' on input line 138.
Package microtype Info: Applying patch `verbatim' on input line 138.
Package microtype Info: Character protrusion enabled (level 2).
Package microtype Info: Using protrusion set `basicmath'.
Package microtype Info: No adjustment of tracking.
Package microtype Info: No adjustment of spacing.
Package microtype Info: No adjustment of kerning.

(/usr/local/texlive/2024/texmf-dist/tex/latex/microtype/mt-LatinModernRoman.cfg
File: mt-LatinModernRoman.cfg 2021/02/21 v1.1 microtype config. file: Latin Mod
ern Roman (RS)
)
*geometry* driver: auto-detecting
*geometry* detected driver: xetex
*geometry* verbose mode - [ preamble ] result:
* driver: xetex
* paper: <default>
* layout: <same size as paper>
* layoutoffset:(h,v)=(0.0pt,0.0pt)
* modes: landscape 
* h-part:(L,W,R)=(72.26999pt, 650.43001pt, 72.26999pt)
* v-part:(T,H,B)=(72.26999pt, 469.75502pt, 72.26999pt)
* \paperwidth=794.96999pt
* \paperheight=614.295pt
* \textwidth=650.43001pt
* \textheight=469.75502pt
* \oddsidemargin=0.0pt
* \evensidemargin=0.0pt
* \topmargin=-37.0pt
* \headheight=12.0pt
* \headsep=25.0pt
* \topskip=10.0pt
* \footskip=30.0pt
* \marginparwidth=65.0pt
* \marginparsep=11.0pt
* \columnsep=10.0pt
* \skip\footins=9.0pt plus 4.0pt minus 2.0pt
* \hoffset=0.0pt
* \voffset=0.0pt
* \mag=1000
* \@twocolumnfalse
* \@twosidefalse
* \@mparswitchfalse
* \@reversemarginfalse
* (1in=72.27pt=25.4mm, 1cm=28.453pt)

Package hyperref Info: Link coloring OFF on input line 138.
LaTeX Font Info:    Font shape `TU/latinmodern-math.otf(1)/m/n' will be
(Font)              scaled to size 12.0pt on input line 140.
LaTeX Font Info:    Font shape `TU/latinmodern-math.otf(1)/m/n' will be
(Font)              scaled to size 8.0pt on input line 140.
LaTeX Font Info:    Font shape `TU/latinmodern-math.otf(1)/m/n' will be
(Font)              scaled to size 6.0pt on input line 140.
LaTeX Font Info:    Trying to load font information for OML+lmm on input line 1
40.
(/usr/local/texlive/2024/texmf-dist/tex/latex/lm/omllmm.fd
File: omllmm.fd 2015/05/01 v1.6.1 Font defs for Latin Modern
)
LaTeX Font Info:    Font shape `TU/latinmodern-math.otf(2)/m/n' will be
(Font)              scaled to size 12.0011pt on input line 140.
LaTeX Font Info:    Font shape `TU/latinmodern-math.otf(2)/m/n' will be
(Font)              scaled to size 8.00073pt on input line 140.
LaTeX Font Info:    Font shape `TU/latinmodern-math.otf(2)/m/n' will be
(Font)              scaled to size 6.00055pt on input line 140.
LaTeX Font Info:    Font shape `TU/latinmodern-math.otf(3)/m/n' will be
(Font)              scaled to size 11.99872pt on input line 140.
LaTeX Font Info:    Font shape `TU/latinmodern-math.otf(3)/m/n' will be
(Font)              scaled to size 7.99915pt on input line 140.
LaTeX Font Info:    Font shape `TU/latinmodern-math.otf(3)/m/n' will be
(Font)              scaled to size 5.99936pt on input line 140.
LaTeX Font Info:    Trying to load font information for U+msa on input line 140
.
(/usr/local/texlive/2024/texmf-dist/tex/latex/amsfonts/umsa.fd
File: umsa.fd 2013/01/14 v3.01 AMS symbols A
) (/usr/local/texlive/2024/texmf-dist/tex/latex/microtype/mt-msa.cfg
File: mt-msa.cfg 2006/02/04 v1.1 microtype config. file: AMS symbols (a) (RS)
)
LaTeX Font Info:    Trying to load font information for U+msb on input line 140
.
(/usr/local/texlive/2024/texmf-dist/tex/latex/amsfonts/umsb.fd
File: umsb.fd 2013/01/14 v3.01 AMS symbols B
) (/usr/local/texlive/2024/texmf-dist/tex/latex/microtype/mt-msb.cfg
File: mt-msb.cfg 2005/06/01 v1.0 microtype config. file: AMS symbols (b) (RS)
)
LaTeX Font Info:    Font shape `TU/lmtt/bx/n' in size <10> not available
(Font)              Font shape `TU/lmtt/b/n' tried instead on input line 145.
[1

]
LaTeX Font Info:    Font shape `TU/latinmodern-math.otf(1)/m/n' will be
(Font)              scaled to size 7.0pt on input line 217.
LaTeX Font Info:    Font shape `TU/latinmodern-math.otf(1)/m/n' will be
(Font)              scaled to size 5.0pt on input line 217.
LaTeX Font Info:    Font shape `TU/latinmodern-math.otf(2)/m/n' will be
(Font)              scaled to size 10.00092pt on input line 217.
LaTeX Font Info:    Font shape `TU/latinmodern-math.otf(2)/m/n' will be
(Font)              scaled to size 7.00064pt on input line 217.
LaTeX Font Info:    Font shape `TU/latinmodern-math.otf(2)/m/n' will be
(Font)              scaled to size 5.00046pt on input line 217.
LaTeX Font Info:    Font shape `TU/latinmodern-math.otf(3)/m/n' will be
(Font)              scaled to size 9.99893pt on input line 217.
LaTeX Font Info:    Font shape `TU/latinmodern-math.otf(3)/m/n' will be
(Font)              scaled to size 6.99925pt on input line 217.
LaTeX Font Info:    Font shape `TU/latinmodern-math.otf(3)/m/n' will be
(Font)              scaled to size 4.99947pt on input line 217.
[2] [3]
Overfull \hbox (9.53484pt too wide) in paragraph at lines 370--371
 []\TU/lmr/m/n/10 n_missing
 []


Overfull \hbox (13.44894pt too wide) in paragraph at lines 372--373
 []\TU/lmr/m/n/10 complete_rate
 []


Overfull \hbox (9.81894pt too wide) in paragraph at lines 394--394
 []|\TU/lmr/m/n/10 2.009000e+03|
 []


Overfull \hbox (13.42874pt too wide) in paragraph at lines 394--394
 []|\TU/lmr/m/n/10 8.370000e+00|
 []


Overfull \hbox (9.81894pt too wide) in paragraph at lines 395--395
 []|\TU/lmr/m/n/10 2.009000e+03|
 []


Overfull \hbox (13.42874pt too wide) in paragraph at lines 395--395
 []|\TU/lmr/m/n/10 2.016000e+03|
 []


Overfull \hbox (13.42874pt too wide) in paragraph at lines 395--395
 []|\TU/lmr/m/n/10 2.023000e+03|
 []

Missing character: There is no ▇ (U+2587) in font [lmroman10-regular]:mapping=t
ex-text;!
Missing character: There is no ▇ (U+2587) in font [lmroman10-regular]:mapping=t
ex-text;!
Missing character: There is no ▇ (U+2587) in font [lmroman10-regular]:mapping=t
ex-text;!
Missing character: There is no ▇ (U+2587) in font [lmroman10-regular]:mapping=t
ex-text;!
Missing character: There is no ▇ (U+2587) in font [lmroman10-regular]:mapping=t
ex-text;!
Missing character: There is no ▁ (U+2581) in font [lmroman10-regular]:mapping=t
ex-text;!
Missing character: There is no ▃ (U+2583) in font [lmroman10-regular]:mapping=t
ex-text;!
Missing character: There is no ▅ (U+2585) in font [lmroman10-regular]:mapping=t
ex-text;!
Missing character: There is no ▇ (U+2587) in font [lmroman10-regular]:mapping=t
ex-text;!
Missing character: There is no ▅ (U+2585) in font [lmroman10-regular]:mapping=t
ex-text;!
Missing character: There is no ▂ (U+2582) in font [lmroman10-regular]:mapping=t
ex-text;!
Missing character: There is no ▇ (U+2587) in font [lmroman10-regular]:mapping=t
ex-text;!
Missing character: There is no ▇ (U+2587) in font [lmroman10-regular]:mapping=t
ex-text;!
Missing character: There is no ▇ (U+2587) in font [lmroman10-regular]:mapping=t
ex-text;!
Missing character: There is no ▇ (U+2587) in font [lmroman10-regular]:mapping=t
ex-text;!

Overfull \hbox (9.81894pt too wide) in paragraph at lines 400--400
 []|\TU/lmr/m/n/10 2.132000e+01|
 []


Overfull \hbox (13.42874pt too wide) in paragraph at lines 400--400
 []|\TU/lmr/m/n/10 1.135000e+01|
 []


Overfull \hbox (9.81894pt too wide) in paragraph at lines 401--401
 []|\TU/lmr/m/n/10 1.918000e+01|
 []


Overfull \hbox (13.42874pt too wide) in paragraph at lines 401--401
 []|\TU/lmr/m/n/10 3.188000e+01|
 []


Overfull \hbox (13.42874pt too wide) in paragraph at lines 401--401
 []|\TU/lmr/m/n/10 5.189000e+01|
 []

Missing character: There is no ▇ (U+2587) in font [lmroman10-regular]:mapping=t
ex-text;!
Missing character: There is no ▆ (U+2586) in font [lmroman10-regular]:mapping=t
ex-text;!
Missing character: There is no ▃ (U+2583) in font [lmroman10-regular]:mapping=t
ex-text;!
Missing character: There is no ▅ (U+2585) in font [lmroman10-regular]:mapping=t
ex-text;!
Missing character: There is no ▁ (U+2581) in font [lmroman10-regular]:mapping=t
ex-text;!

Overfull \hbox (9.81894pt too wide) in paragraph at lines 402--402
 []|\TU/lmr/m/n/10 9.133000e+01|
 []


Overfull \hbox (13.42874pt too wide) in paragraph at lines 402--402
 []|\TU/lmr/m/n/10 2.806000e+01|
 []


Overfull \hbox (9.81894pt too wide) in paragraph at lines 403--403
 []|\TU/lmr/m/n/10 9.452000e+01|
 []


Overfull \hbox (13.42874pt too wide) in paragraph at lines 403--403
 []|\TU/lmr/m/n/10 1.028000e+02|
 []


Overfull \hbox (13.42874pt too wide) in paragraph at lines 403--403
 []|\TU/lmr/m/n/10 5.787100e+02|
 []

Missing character: There is no ▇ (U+2587) in font [lmroman10-regular]:mapping=t
ex-text;!
Missing character: There is no ▁ (U+2581) in font [lmroman10-regular]:mapping=t
ex-text;!
Missing character: There is no ▁ (U+2581) in font [lmroman10-regular]:mapping=t
ex-text;!
Missing character: There is no ▁ (U+2581) in font [lmroman10-regular]:mapping=t
ex-text;!
Missing character: There is no ▁ (U+2581) in font [lmroman10-regular]:mapping=t
ex-text;!

Overfull \hbox (13.42874pt too wide) in paragraph at lines 404--404
 []|\TU/lmr/m/n/10 1.000000e+00|
 []


Overfull \hbox (13.42874pt too wide) in paragraph at lines 405--405
 []|\TU/lmr/m/n/10 2.460000e+00|
 []

Missing character: There is no ▃ (U+2583) in font [lmroman10-regular]:mapping=t
ex-text;!
Missing character: There is no ▇ (U+2587) in font [lmroman10-regular]:mapping=t
ex-text;!
Missing character: There is no ▅ (U+2585) in font [lmroman10-regular]:mapping=t
ex-text;!
Missing character: There is no ▃ (U+2583) in font [lmroman10-regular]:mapping=t
ex-text;!
Missing character: There is no ▂ (U+2582) in font [lmroman10-regular]:mapping=t
ex-text;!

Overfull \hbox (9.81894pt too wide) in paragraph at lines 406--406
 []|\TU/lmr/m/n/10 7.923000e+01|
 []


Overfull \hbox (13.42874pt too wide) in paragraph at lines 406--406
 []|\TU/lmr/m/n/10 3.010000e+01|
 []


Overfull \hbox (9.81894pt too wide) in paragraph at lines 407--407
 []|\TU/lmr/m/n/10 9.810000e+01|
 []


Overfull \hbox (13.42874pt too wide) in paragraph at lines 407--407
 []|\TU/lmr/m/n/10 1.000000e+02|
 []


Overfull \hbox (13.42874pt too wide) in paragraph at lines 407--407
 []|\TU/lmr/m/n/10 1.000000e+02|
 []

Missing character: There is no ▁ (U+2581) in font [lmroman10-regular]:mapping=t
ex-text;!
Missing character: There is no ▁ (U+2581) in font [lmroman10-regular]:mapping=t
ex-text;!
Missing character: There is no ▁ (U+2581) in font [lmroman10-regular]:mapping=t
ex-text;!
Missing character: There is no ▁ (U+2581) in font [lmroman10-regular]:mapping=t
ex-text;!
Missing character: There is no ▇ (U+2587) in font [lmroman10-regular]:mapping=t
ex-text;!

Overfull \hbox (9.81894pt too wide) in paragraph at lines 408--408
 []|\TU/lmr/m/n/10 2.982000e+02|
 []


Overfull \hbox (13.42874pt too wide) in paragraph at lines 408--408
 []|\TU/lmr/m/n/10 1.389800e+03|
 []


Overfull \hbox (9.81894pt too wide) in paragraph at lines 409--409
 []|\TU/lmr/m/n/10 7.792000e+01|
 []


Overfull \hbox (13.42874pt too wide) in paragraph at lines 409--409
 []|\TU/lmr/m/n/10 1.766100e+02|
 []


Overfull \hbox (13.42874pt too wide) in paragraph at lines 409--409
 []|\TU/lmr/m/n/10 1.882289e+04|
 []

Missing character: There is no ▇ (U+2587) in font [lmroman10-regular]:mapping=t
ex-text;!
Missing character: There is no ▁ (U+2581) in font [lmroman10-regular]:mapping=t
ex-text;!
Missing character: There is no ▁ (U+2581) in font [lmroman10-regular]:mapping=t
ex-text;!
Missing character: There is no ▁ (U+2581) in font [lmroman10-regular]:mapping=t
ex-text;!
Missing character: There is no ▁ (U+2581) in font [lmroman10-regular]:mapping=t
ex-text;!

Overfull \hbox (9.81894pt too wide) in paragraph at lines 410--410
 []|\TU/lmr/m/n/10 2.873000e+01|
 []


Overfull \hbox (13.42874pt too wide) in paragraph at lines 410--410
 []|\TU/lmr/m/n/10 2.732000e+01|
 []


Overfull \hbox (9.81894pt too wide) in paragraph at lines 411--411
 []|\TU/lmr/m/n/10 2.118000e+01|
 []


Overfull \hbox (13.42874pt too wide) in paragraph at lines 411--411
 []|\TU/lmr/m/n/10 5.280000e+01|
 []


Overfull \hbox (13.42874pt too wide) in paragraph at lines 411--411
 []|\TU/lmr/m/n/10 9.981000e+01|
 []

Missing character: There is no ▇ (U+2587) in font [lmroman10-regular]:mapping=t
ex-text;!
Missing character: There is no ▂ (U+2582) in font [lmroman10-regular]:mapping=t
ex-text;!
Missing character: There is no ▃ (U+2583) in font [lmroman10-regular]:mapping=t
ex-text;!
Missing character: There is no ▂ (U+2582) in font [lmroman10-regular]:mapping=t
ex-text;!
Missing character: There is no ▁ (U+2581) in font [lmroman10-regular]:mapping=t
ex-text;!

Overfull \hbox (9.81894pt too wide) in paragraph at lines 412--412
 []|\TU/lmr/m/n/10 6.508000e+01|
 []


Overfull \hbox (13.42874pt too wide) in paragraph at lines 412--412
 []|\TU/lmr/m/n/10 2.666800e+02|
 []


Overfull \hbox (9.81894pt too wide) in paragraph at lines 413--413
 []|\TU/lmr/m/n/10 1.118000e+01|
 []


Overfull \hbox (13.42874pt too wide) in paragraph at lines 413--413
 []|\TU/lmr/m/n/10 3.970000e+01|
 []


Overfull \hbox (13.42874pt too wide) in paragraph at lines 413--413
 []|\TU/lmr/m/n/10 3.850500e+03|
 []

Missing character: There is no ▇ (U+2587) in font [lmroman10-regular]:mapping=t
ex-text;!
Missing character: There is no ▁ (U+2581) in font [lmroman10-regular]:mapping=t
ex-text;!
Missing character: There is no ▁ (U+2581) in font [lmroman10-regular]:mapping=t
ex-text;!
Missing character: There is no ▁ (U+2581) in font [lmroman10-regular]:mapping=t
ex-text;!
Missing character: There is no ▁ (U+2581) in font [lmroman10-regular]:mapping=t
ex-text;!

Overfull \hbox (9.81894pt too wide) in paragraph at lines 414--414
 []|\TU/lmr/m/n/10 5.704000e+01|
 []


Overfull \hbox (13.42874pt too wide) in paragraph at lines 414--414
 []|\TU/lmr/m/n/10 3.013000e+01|
 []


Overfull \hbox (9.81894pt too wide) in paragraph at lines 415--415
 []|\TU/lmr/m/n/10 5.405000e+01|
 []


Overfull \hbox (13.42874pt too wide) in paragraph at lines 415--415
 []|\TU/lmr/m/n/10 8.676000e+01|
 []


Overfull \hbox (13.42874pt too wide) in paragraph at lines 415--415
 []|\TU/lmr/m/n/10 1.000000e+02|
 []

Missing character: There is no ▃ (U+2583) in font [lmroman10-regular]:mapping=t
ex-text;!
Missing character: There is no ▆ (U+2586) in font [lmroman10-regular]:mapping=t
ex-text;!
Missing character: There is no ▅ (U+2585) in font [lmroman10-regular]:mapping=t
ex-text;!
Missing character: There is no ▃ (U+2583) in font [lmroman10-regular]:mapping=t
ex-text;!
Missing character: There is no ▇ (U+2587) in font [lmroman10-regular]:mapping=t
ex-text;!

Overfull \hbox (13.42874pt too wide) in paragraph at lines 417--417
 []|\TU/lmr/m/n/10 1.390000e+00|
 []


Overfull \hbox (13.42874pt too wide) in paragraph at lines 417--417
 []|\TU/lmr/m/n/10 6.020000e+00|
 []

Missing character: There is no ▇ (U+2587) in font [lmroman10-regular]:mapping=t
ex-text;!
Missing character: There is no ▂ (U+2582) in font [lmroman10-regular]:mapping=t
ex-text;!
Missing character: There is no ▁ (U+2581) in font [lmroman10-regular]:mapping=t
ex-text;!
Missing character: There is no ▁ (U+2581) in font [lmroman10-regular]:mapping=t
ex-text;!
Missing character: There is no ▁ (U+2581) in font [lmroman10-regular]:mapping=t
ex-text;!

Overfull \hbox (13.42874pt too wide) in paragraph at lines 418--418
 []|\TU/lmr/m/n/10 1.000000e+00|
 []


Overfull \hbox (13.42874pt too wide) in paragraph at lines 419--419
 []|\TU/lmr/m/n/10 2.470000e+00|
 []

Missing character: There is no ▂ (U+2582) in font [lmroman10-regular]:mapping=t
ex-text;!
Missing character: There is no ▇ (U+2587) in font [lmroman10-regular]:mapping=t
ex-text;!
Missing character: There is no ▇ (U+2587) in font [lmroman10-regular]:mapping=t
ex-text;!
Missing character: There is no ▃ (U+2583) in font [lmroman10-regular]:mapping=t
ex-text;!
Missing character: There is no ▂ (U+2582) in font [lmroman10-regular]:mapping=t
ex-text;!

Overfull \hbox (9.81894pt too wide) in paragraph at lines 420--420
 []|\TU/lmr/m/n/10 2.514000e+01|
 []


Overfull \hbox (13.42874pt too wide) in paragraph at lines 420--420
 []|\TU/lmr/m/n/10 2.522000e+01|
 []


Overfull \hbox (9.81894pt too wide) in paragraph at lines 421--421
 []|\TU/lmr/m/n/10 1.517000e+01|
 []


Overfull \hbox (13.42874pt too wide) in paragraph at lines 421--421
 []|\TU/lmr/m/n/10 3.416000e+01|
 []


Overfull \hbox (13.42874pt too wide) in paragraph at lines 421--421
 []|\TU/lmr/m/n/10 1.711800e+02|
 []

Missing character: There is no ▇ (U+2587) in font [lmroman10-regular]:mapping=t
ex-text;!
Missing character: There is no ▂ (U+2582) in font [lmroman10-regular]:mapping=t
ex-text;!
Missing character: There is no ▁ (U+2581) in font [lmroman10-regular]:mapping=t
ex-text;!
Missing character: There is no ▁ (U+2581) in font [lmroman10-regular]:mapping=t
ex-text;!
Missing character: There is no ▁ (U+2581) in font [lmroman10-regular]:mapping=t
ex-text;!

Overfull \hbox (9.81894pt too wide) in paragraph at lines 422--422
 []|\TU/lmr/m/n/10 1.054000e+01|
 []


Overfull \hbox (13.42874pt too wide) in paragraph at lines 422--422
 []|\TU/lmr/m/n/10 1.307000e+01|
 []


Overfull \hbox (9.81894pt too wide) in paragraph at lines 423--423
 []|\TU/lmr/m/n/10 3.870000e+00|
 []


Overfull \hbox (13.42874pt too wide) in paragraph at lines 423--423
 []|\TU/lmr/m/n/10 1.840000e+01|
 []


Overfull \hbox (13.42874pt too wide) in paragraph at lines 423--423
 []|\TU/lmr/m/n/10 6.221000e+01|
 []

Missing character: There is no ▇ (U+2587) in font [lmroman10-regular]:mapping=t
ex-text;!
Missing character: There is no ▂ (U+2582) in font [lmroman10-regular]:mapping=t
ex-text;!
Missing character: There is no ▂ (U+2582) in font [lmroman10-regular]:mapping=t
ex-text;!
Missing character: There is no ▁ (U+2581) in font [lmroman10-regular]:mapping=t
ex-text;!
Missing character: There is no ▁ (U+2581) in font [lmroman10-regular]:mapping=t
ex-text;!

Overfull \hbox (9.81894pt too wide) in paragraph at lines 424--424
 []|\TU/lmr/m/n/10 3.258000e+01|
 []


Overfull \hbox (13.42874pt too wide) in paragraph at lines 424--424
 []|\TU/lmr/m/n/10 3.211000e+01|
 []


Overfull \hbox (9.81894pt too wide) in paragraph at lines 425--425
 []|\TU/lmr/m/n/10 2.100000e+01|
 []


Overfull \hbox (13.42874pt too wide) in paragraph at lines 425--425
 []|\TU/lmr/m/n/10 6.140000e+01|
 []


Overfull \hbox (13.42874pt too wide) in paragraph at lines 425--425
 []|\TU/lmr/m/n/10 1.000000e+02|
 []

Missing character: There is no ▇ (U+2587) in font [lmroman10-regular]:mapping=t
ex-text;!
Missing character: There is no ▂ (U+2582) in font [lmroman10-regular]:mapping=t
ex-text;!
Missing character: There is no ▂ (U+2582) in font [lmroman10-regular]:mapping=t
ex-text;!
Missing character: There is no ▂ (U+2582) in font [lmroman10-regular]:mapping=t
ex-text;!
Missing character: There is no ▂ (U+2582) in font [lmroman10-regular]:mapping=t
ex-text;!

Overfull \hbox (9.81894pt too wide) in paragraph at lines 426--426
 []|\TU/lmr/m/n/10 2.190000e+00|
 []


Overfull \hbox (13.42874pt too wide) in paragraph at lines 426--426
 []|\TU/lmr/m/n/10 6.020000e+00|
 []


Overfull \hbox (9.81894pt too wide) in paragraph at lines 427--427
 []|\TU/lmr/m/n/10 2.240000e+00|
 []


Overfull \hbox (13.42874pt too wide) in paragraph at lines 427--427
 []|\TU/lmr/m/n/10 4.420000e+00|
 []


Overfull \hbox (13.42874pt too wide) in paragraph at lines 427--427
 []|\TU/lmr/m/n/10 1.404900e+02|
 []

Missing character: There is no ▁ (U+2581) in font [lmroman10-regular]:mapping=t
ex-text;!
Missing character: There is no ▇ (U+2587) in font [lmroman10-regular]:mapping=t
ex-text;!
Missing character: There is no ▁ (U+2581) in font [lmroman10-regular]:mapping=t
ex-text;!
Missing character: There is no ▁ (U+2581) in font [lmroman10-regular]:mapping=t
ex-text;!
Missing character: There is no ▁ (U+2581) in font [lmroman10-regular]:mapping=t
ex-text;!

Overfull \hbox (9.81894pt too wide) in paragraph at lines 428--428
 []|\TU/lmr/m/n/10 3.630000e+00|
 []


Overfull \hbox (13.42874pt too wide) in paragraph at lines 428--428
 []|\TU/lmr/m/n/10 6.160000e+00|
 []


Overfull \hbox (9.81894pt too wide) in paragraph at lines 429--429
 []|\TU/lmr/m/n/10 3.760000e+00|
 []


Overfull \hbox (13.42874pt too wide) in paragraph at lines 429--429
 []|\TU/lmr/m/n/10 6.010000e+00|
 []


Overfull \hbox (13.42874pt too wide) in paragraph at lines 429--429
 []|\TU/lmr/m/n/10 1.499700e+02|
 []

Missing character: There is no ▁ (U+2581) in font [lmroman10-regular]:mapping=t
ex-text;!
Missing character: There is no ▇ (U+2587) in font [lmroman10-regular]:mapping=t
ex-text;!
Missing character: There is no ▁ (U+2581) in font [lmroman10-regular]:mapping=t
ex-text;!
Missing character: There is no ▁ (U+2581) in font [lmroman10-regular]:mapping=t
ex-text;!
Missing character: There is no ▁ (U+2581) in font [lmroman10-regular]:mapping=t
ex-text;!

Overfull \hbox (9.81894pt too wide) in paragraph at lines 430--430
 []|\TU/lmr/m/n/10 3.371605e+11|
 []


Overfull \hbox (13.42874pt too wide) in paragraph at lines 430--430
 []|\TU/lmr/m/n/10 1.471154e+12|
 []


Overfull \hbox (9.76189pt too wide) in paragraph at lines 430--430
 []|\TU/lmr/m/n/10 23553249.10|
 []


Overfull \hbox (12.59894pt too wide) in paragraph at lines 431--431
 []|\TU/lmr/m/n/10 5577146682.40|
 []


Overfull \hbox (9.81894pt too wide) in paragraph at lines 431--431
 []|\TU/lmr/m/n/10 2.360523e+10|
 []


Overfull \hbox (13.42874pt too wide) in paragraph at lines 431--431
 []|\TU/lmr/m/n/10 1.584701e+11|
 []


Overfull \hbox (13.42874pt too wide) in paragraph at lines 431--431
 []|\TU/lmr/m/n/10 2.206258e+13|
 []

Missing character: There is no ▇ (U+2587) in font [lmroman10-regular]:mapping=t
ex-text;!
Missing character: There is no ▁ (U+2581) in font [lmroman10-regular]:mapping=t
ex-text;!
Missing character: There is no ▁ (U+2581) in font [lmroman10-regular]:mapping=t
ex-text;!
Missing character: There is no ▁ (U+2581) in font [lmroman10-regular]:mapping=t
ex-text;!
Missing character: There is no ▁ (U+2581) in font [lmroman10-regular]:mapping=t
ex-text;!

Overfull \hbox (13.42874pt too wide) in paragraph at lines 432--432
 []|\TU/lmr/m/n/10 1.000000e+00|
 []


Overfull \hbox (13.42874pt too wide) in paragraph at lines 433--433
 []|\TU/lmr/m/n/10 1.760000e+00|
 []

Missing character: There is no ▁ (U+2581) in font [lmroman10-regular]:mapping=t
ex-text;!
Missing character: There is no ▂ (U+2582) in font [lmroman10-regular]:mapping=t
ex-text;!
Missing character: There is no ▆ (U+2586) in font [lmroman10-regular]:mapping=t
ex-text;!
Missing character: There is no ▇ (U+2587) in font [lmroman10-regular]:mapping=t
ex-text;!
Missing character: There is no ▆ (U+2586) in font [lmroman10-regular]:mapping=t
ex-text;!

Overfull \hbox (13.42874pt too wide) in paragraph at lines 435--435
 []|\TU/lmr/m/n/10 2.120000e+00|
 []

Missing character: There is no ▁ (U+2581) in font [lmroman10-regular]:mapping=t
ex-text;!
Missing character: There is no ▆ (U+2586) in font [lmroman10-regular]:mapping=t
ex-text;!
Missing character: There is no ▇ (U+2587) in font [lmroman10-regular]:mapping=t
ex-text;!
Missing character: There is no ▆ (U+2586) in font [lmroman10-regular]:mapping=t
ex-text;!
Missing character: There is no ▃ (U+2583) in font [lmroman10-regular]:mapping=t
ex-text;!

Overfull \hbox (9.81894pt too wide) in paragraph at lines 436--436
 []|\TU/lmr/m/n/10 9.420000e+00|
 []


Overfull \hbox (13.42874pt too wide) in paragraph at lines 436--436
 []|\TU/lmr/m/n/10 2.250000e+00|
 []


Overfull \hbox (9.81894pt too wide) in paragraph at lines 437--437
 []|\TU/lmr/m/n/10 9.000000e+00|
 []


Overfull \hbox (13.42874pt too wide) in paragraph at lines 437--437
 []|\TU/lmr/m/n/10 1.100000e+01|
 []


Overfull \hbox (13.42874pt too wide) in paragraph at lines 437--437
 []|\TU/lmr/m/n/10 1.700000e+01|
 []

Missing character: There is no ▃ (U+2583) in font [lmroman10-regular]:mapping=t
ex-text;!
Missing character: There is no ▇ (U+2587) in font [lmroman10-regular]:mapping=t
ex-text;!
Missing character: There is no ▆ (U+2586) in font [lmroman10-regular]:mapping=t
ex-text;!
Missing character: There is no ▃ (U+2583) in font [lmroman10-regular]:mapping=t
ex-text;!
Missing character: There is no ▁ (U+2581) in font [lmroman10-regular]:mapping=t
ex-text;!

Overfull \hbox (14.48064pt too wide) in paragraph at lines 438--438
[]|\TU/lmr/m/n/10 GovtEduSpendPctGDP|  
 []


Overfull \hbox (9.81894pt too wide) in paragraph at lines 438--438
 []|\TU/lmr/m/n/10 4.420000e+00|
 []


Overfull \hbox (13.42874pt too wide) in paragraph at lines 438--438
 []|\TU/lmr/m/n/10 1.890000e+00|
 []


Overfull \hbox (9.81894pt too wide) in paragraph at lines 439--439
 []|\TU/lmr/m/n/10 4.230000e+00|
 []


Overfull \hbox (13.42874pt too wide) in paragraph at lines 439--439
 []|\TU/lmr/m/n/10 5.430000e+00|
 []


Overfull \hbox (13.42874pt too wide) in paragraph at lines 439--439
 []|\TU/lmr/m/n/10 1.586000e+01|
 []

Missing character: There is no ▃ (U+2583) in font [lmroman10-regular]:mapping=t
ex-text;!
Missing character: There is no ▇ (U+2587) in font [lmroman10-regular]:mapping=t
ex-text;!
Missing character: There is no ▂ (U+2582) in font [lmroman10-regular]:mapping=t
ex-text;!
Missing character: There is no ▁ (U+2581) in font [lmroman10-regular]:mapping=t
ex-text;!
Missing character: There is no ▁ (U+2581) in font [lmroman10-regular]:mapping=t
ex-text;!

Overfull \hbox (15.90063pt too wide) in paragraph at lines 440--440
[]|\TU/lmr/m/n/10 MortalityFromDirtyness|  
 []


Overfull \hbox (9.81894pt too wide) in paragraph at lines 440--440
 []|\TU/lmr/m/n/10 1.696000e+01|
 []


Overfull \hbox (13.42874pt too wide) in paragraph at lines 440--440
 []|\TU/lmr/m/n/10 2.165000e+01|
 []


Overfull \hbox (9.81894pt too wide) in paragraph at lines 441--441
 []|\TU/lmr/m/n/10 6.100000e+00|
 []


Overfull \hbox (13.42874pt too wide) in paragraph at lines 441--441
 []|\TU/lmr/m/n/10 2.555000e+01|
 []


Overfull \hbox (13.42874pt too wide) in paragraph at lines 441--441
 []|\TU/lmr/m/n/10 1.081000e+02|
 []

Missing character: There is no ▇ (U+2587) in font [lmroman10-regular]:mapping=t
ex-text;!
Missing character: There is no ▂ (U+2582) in font [lmroman10-regular]:mapping=t
ex-text;!
Missing character: There is no ▁ (U+2581) in font [lmroman10-regular]:mapping=t
ex-text;!
Missing character: There is no ▁ (U+2581) in font [lmroman10-regular]:mapping=t
ex-text;!
Missing character: There is no ▁ (U+2581) in font [lmroman10-regular]:mapping=t
ex-text;!

Overfull \hbox (3.23064pt too wide) in paragraph at lines 442--442
[]|\TU/lmr/m/n/10 UHCServiceCoverage|  
 []


Overfull \hbox (9.81894pt too wide) in paragraph at lines 442--442
 []|\TU/lmr/m/n/10 5.939000e+01|
 []


Overfull \hbox (13.42874pt too wide) in paragraph at lines 442--442
 []|\TU/lmr/m/n/10 1.902000e+01|
 []


Overfull \hbox (9.81894pt too wide) in paragraph at lines 443--443
 []|\TU/lmr/m/n/10 6.300000e+01|
 []


Overfull \hbox (13.42874pt too wide) in paragraph at lines 443--443
 []|\TU/lmr/m/n/10 7.500000e+01|
 []


Overfull \hbox (13.42874pt too wide) in paragraph at lines 443--443
 []|\TU/lmr/m/n/10 9.100000e+01|
 []

Missing character: There is no ▂ (U+2582) in font [lmroman10-regular]:mapping=t
ex-text;!
Missing character: There is no ▅ (U+2585) in font [lmroman10-regular]:mapping=t
ex-text;!
Missing character: There is no ▆ (U+2586) in font [lmroman10-regular]:mapping=t
ex-text;!
Missing character: There is no ▇ (U+2587) in font [lmroman10-regular]:mapping=t
ex-text;!
Missing character: There is no ▇ (U+2587) in font [lmroman10-regular]:mapping=t
ex-text;!

Overfull \hbox (10.88063pt too wide) in paragraph at lines 444--444
[]|\TU/lmr/m/n/10 HealthSpendPerCapita|  
 []


Overfull \hbox (9.81894pt too wide) in paragraph at lines 444--444
 []|\TU/lmr/m/n/10 9.599800e+02|
 []


Overfull \hbox (13.42874pt too wide) in paragraph at lines 444--444
 []|\TU/lmr/m/n/10 1.689180e+03|
 []


Overfull \hbox (9.81894pt too wide) in paragraph at lines 445--445
 []|\TU/lmr/m/n/10 2.612900e+02|
 []


Overfull \hbox (13.42874pt too wide) in paragraph at lines 445--445
 []|\TU/lmr/m/n/10 8.904800e+02|
 []


Overfull \hbox (13.42874pt too wide) in paragraph at lines 445--445
 []|\TU/lmr/m/n/10 1.243443e+04|
 []

Missing character: There is no ▇ (U+2587) in font [lmroman10-regular]:mapping=t
ex-text;!
Missing character: There is no ▁ (U+2581) in font [lmroman10-regular]:mapping=t
ex-text;!
Missing character: There is no ▁ (U+2581) in font [lmroman10-regular]:mapping=t
ex-text;!
Missing character: There is no ▁ (U+2581) in font [lmroman10-regular]:mapping=t
ex-text;!
Missing character: There is no ▁ (U+2581) in font [lmroman10-regular]:mapping=t
ex-text;!

Overfull \hbox (32.62064pt too wide) in paragraph at lines 446--446
[]|\TU/lmr/m/n/10 GovtHealthSpendPerCapita|  
 []


Overfull \hbox (9.81894pt too wide) in paragraph at lines 446--446
 []|\TU/lmr/m/n/10 6.487000e+02|
 []


Overfull \hbox (13.42874pt too wide) in paragraph at lines 446--446
 []|\TU/lmr/m/n/10 1.235080e+03|
 []


Overfull \hbox (9.81894pt too wide) in paragraph at lines 447--447
 []|\TU/lmr/m/n/10 1.282400e+02|
 []


Overfull \hbox (13.42874pt too wide) in paragraph at lines 447--447
 []|\TU/lmr/m/n/10 5.573600e+02|
 []


Overfull \hbox (13.42874pt too wide) in paragraph at lines 447--447
 []|\TU/lmr/m/n/10 7.871240e+03|
 []

Missing character: There is no ▇ (U+2587) in font [lmroman10-regular]:mapping=t
ex-text;!
Missing character: There is no ▁ (U+2581) in font [lmroman10-regular]:mapping=t
ex-text;!
Missing character: There is no ▁ (U+2581) in font [lmroman10-regular]:mapping=t
ex-text;!
Missing character: There is no ▁ (U+2581) in font [lmroman10-regular]:mapping=t
ex-text;!
Missing character: There is no ▁ (U+2581) in font [lmroman10-regular]:mapping=t
ex-text;!

Overfull \hbox (9.81894pt too wide) in paragraph at lines 448--448
 []|\TU/lmr/m/n/10 8.790000e+00|
 []


Overfull \hbox (13.42874pt too wide) in paragraph at lines 448--448
 []|\TU/lmr/m/n/10 1.358000e+01|
 []


Overfull \hbox (9.81894pt too wide) in paragraph at lines 449--449
 []|\TU/lmr/m/n/10 3.660000e+00|
 []


Overfull \hbox (13.42874pt too wide) in paragraph at lines 449--449
 []|\TU/lmr/m/n/10 1.063000e+01|
 []


Overfull \hbox (13.42874pt too wide) in paragraph at lines 449--449
 []|\TU/lmr/m/n/10 8.840000e+01|
 []

Missing character: There is no ▇ (U+2587) in font [lmroman10-regular]:mapping=t
ex-text;!
Missing character: There is no ▁ (U+2581) in font [lmroman10-regular]:mapping=t
ex-text;!
Missing character: There is no ▁ (U+2581) in font [lmroman10-regular]:mapping=t
ex-text;!
Missing character: There is no ▁ (U+2581) in font [lmroman10-regular]:mapping=t
ex-text;!
Missing character: There is no ▁ (U+2581) in font [lmroman10-regular]:mapping=t
ex-text;!

Overfull \hbox (9.81894pt too wide) in paragraph at lines 450--450
 []|\TU/lmr/m/n/10 2.909000e+01|
 []


Overfull \hbox (13.42874pt too wide) in paragraph at lines 450--450
 []|\TU/lmr/m/n/10 2.301000e+01|
 []


Overfull \hbox (9.81894pt too wide) in paragraph at lines 451--451
 []|\TU/lmr/m/n/10 2.230000e+01|
 []


Overfull \hbox (13.42874pt too wide) in paragraph at lines 451--451
 []|\TU/lmr/m/n/10 4.530000e+01|
 []


Overfull \hbox (13.42874pt too wide) in paragraph at lines 451--451
 []|\TU/lmr/m/n/10 8.920000e+01|
 []

Missing character: There is no ▇ (U+2587) in font [lmroman10-regular]:mapping=t
ex-text;!
Missing character: There is no ▃ (U+2583) in font [lmroman10-regular]:mapping=t
ex-text;!
Missing character: There is no ▂ (U+2582) in font [lmroman10-regular]:mapping=t
ex-text;!
Missing character: There is no ▂ (U+2582) in font [lmroman10-regular]:mapping=t
ex-text;!
Missing character: There is no ▁ (U+2581) in font [lmroman10-regular]:mapping=t
ex-text;!

Overfull \hbox (13.42874pt too wide) in paragraph at lines 452--452
 []|\TU/lmr/m/n/10 3.700000e+00|
 []


Overfull \hbox (13.42874pt too wide) in paragraph at lines 453--453
 []|\TU/lmr/m/n/10 1.620000e+00|
 []


Overfull \hbox (13.42874pt too wide) in paragraph at lines 453--453
 []|\TU/lmr/m/n/10 1.503000e+01|
 []

Missing character: There is no ▁ (U+2581) in font [lmroman10-regular]:mapping=t
ex-text;!
Missing character: There is no ▁ (U+2581) in font [lmroman10-regular]:mapping=t
ex-text;!
Missing character: There is no ▁ (U+2581) in font [lmroman10-regular]:mapping=t
ex-text;!
Missing character: There is no ▁ (U+2581) in font [lmroman10-regular]:mapping=t
ex-text;!
Missing character: There is no ▇ (U+2587) in font [lmroman10-regular]:mapping=t
ex-text;!

Overfull \hbox (13.42874pt too wide) in paragraph at lines 454--454
 []|\TU/lmr/m/n/10 1.000000e+00|
 []


Overfull \hbox (13.42874pt too wide) in paragraph at lines 455--455
 []|\TU/lmr/m/n/10 1.800000e+00|
 []

Missing character: There is no ▃ (U+2583) in font [lmroman10-regular]:mapping=t
ex-text;!
Missing character: There is no ▇ (U+2587) in font [lmroman10-regular]:mapping=t
ex-text;!
Missing character: There is no ▇ (U+2587) in font [lmroman10-regular]:mapping=t
ex-text;!
Missing character: There is no ▇ (U+2587) in font [lmroman10-regular]:mapping=t
ex-text;!
Missing character: There is no ▇ (U+2587) in font [lmroman10-regular]:mapping=t
ex-text;!

Overfull \hbox (9.81894pt too wide) in paragraph at lines 456--456
 []|\TU/lmr/m/n/10 7.940000e+00|
 []


Overfull \hbox (13.42874pt too wide) in paragraph at lines 456--456
 []|\TU/lmr/m/n/10 1.247000e+01|
 []


Overfull \hbox (9.81894pt too wide) in paragraph at lines 457--457
 []|\TU/lmr/m/n/10 2.860000e+00|
 []


Overfull \hbox (13.42874pt too wide) in paragraph at lines 457--457
 []|\TU/lmr/m/n/10 8.880000e+00|
 []


Overfull \hbox (13.42874pt too wide) in paragraph at lines 457--457
 []|\TU/lmr/m/n/10 1.387700e+02|
 []

Missing character: There is no ▇ (U+2587) in font [lmroman10-regular]:mapping=t
ex-text;!
Missing character: There is no ▁ (U+2581) in font [lmroman10-regular]:mapping=t
ex-text;!
Missing character: There is no ▁ (U+2581) in font [lmroman10-regular]:mapping=t
ex-text;!
Missing character: There is no ▁ (U+2581) in font [lmroman10-regular]:mapping=t
ex-text;!
Missing character: There is no ▁ (U+2581) in font [lmroman10-regular]:mapping=t
ex-text;!
[4] [5]
File: Exploratory-Data-Analysis_files/figure-latex/ScatterPlots-1.pdf Graphic f
ile (type pdf)
<use Exploratory-Data-Analysis_files/figure-latex/ScatterPlots-1.pdf>
[6]
Underfull \vbox (badness 10000) detected at line 534
 []

[7]
File: Exploratory-Data-Analysis_files/figure-latex/ScatterPlots-2.pdf Graphic f
ile (type pdf)
<use Exploratory-Data-Analysis_files/figure-latex/ScatterPlots-2.pdf>
[8]
Underfull \vbox (badness 10000) detected at line 590
 []

[9]
File: Exploratory-Data-Analysis_files/figure-latex/InternetDistributionPlots-1.
pdf Graphic file (type pdf)
<use Exploratory-Data-Analysis_files/figure-latex/InternetDistributionPlots-1.p
df>
[10]
Underfull \vbox (badness 10000) detected at line 636
 []

[11]
File: Exploratory-Data-Analysis_files/figure-latex/InternetDistributionPlots-2.
pdf Graphic file (type pdf)
<use Exploratory-Data-Analysis_files/figure-latex/InternetDistributionPlots-2.p
df>
[12]
Underfull \vbox (badness 10000) detected at line 658
 []

[13]
File: Exploratory-Data-Analysis_files/figure-latex/ViolinPlots-1.pdf Graphic fi
le (type pdf)
<use Exploratory-Data-Analysis_files/figure-latex/ViolinPlots-1.pdf>
[14]
File: Exploratory-Data-Analysis_files/figure-latex/ViolinPlots-2.pdf Graphic fi
le (type pdf)
<use Exploratory-Data-Analysis_files/figure-latex/ViolinPlots-2.pdf>
[15]
Underfull \vbox (badness 10000) detected at line 734
 []

[16]
File: Exploratory-Data-Analysis_files/figure-latex/Correlation-1.pdf Graphic fi
le (type pdf)
<use Exploratory-Data-Analysis_files/figure-latex/Correlation-1.pdf>

Underfull \vbox (badness 10000) detected at line 751
 []

[17]
File: Exploratory-Data-Analysis_files/figure-latex/Correlation-2.pdf Graphic fi
le (type pdf)
<use Exploratory-Data-Analysis_files/figure-latex/Correlation-2.pdf>

Underfull \vbox (badness 10000) detected at line 767
 []

[18]
File: Exploratory-Data-Analysis_files/figure-latex/Correlation-3.pdf Graphic fi
le (type pdf)
<use Exploratory-Data-Analysis_files/figure-latex/Correlation-3.pdf>

Underfull \vbox (badness 10000) detected at line 800
 []

[19]
Underfull \vbox (badness 10000) detected at line 1025
 []


Overfull \vbox (1.24495pt too high) detected at line 1025
 []

[20] [21] [22] [23] [24]
File: Exploratory-Data-Analysis_files/figure-latex/MissingnessGrid-1.pdf Graphi
c file (type pdf)
<use Exploratory-Data-Analysis_files/figure-latex/MissingnessGrid-1.pdf>

Underfull \vbox (badness 1472) detected at line 1051
 []

[25]
File: Exploratory-Data-Analysis_files/figure-latex/MissingnessSummary-1.pdf Gra
phic file (type pdf)
<use Exploratory-Data-Analysis_files/figure-latex/MissingnessSummary-1.pdf>
[26]
File: Exploratory-Data-Analysis_files/figure-latex/MissingnessSummary-2.pdf Gra
phic file (type pdf)
<use Exploratory-Data-Analysis_files/figure-latex/MissingnessSummary-2.pdf>
[27]
Underfull \vbox (badness 10000) detected at line 1134
 []

[28]
File: Exploratory-Data-Analysis_files/figure-latex/TimeSeries-1.pdf Graphic fil
e (type pdf)
<use Exploratory-Data-Analysis_files/figure-latex/TimeSeries-1.pdf>
[29]
Missing character: There is no 👈 (U+1F448) in font [lmmono10-italic]:!

Underfull \vbox (badness 10000) detected at line 1185
 []

[30]
File: Exploratory-Data-Analysis_files/figure-latex/TimeSeries-2.pdf Graphic fil
e (type pdf)
<use Exploratory-Data-Analysis_files/figure-latex/TimeSeries-2.pdf>
[31]
Underfull \vbox (badness 10000) detected at line 1226
 []

[32]
File: Exploratory-Data-Analysis_files/figure-latex/TimeSeries-3.pdf Graphic fil
e (type pdf)
<use Exploratory-Data-Analysis_files/figure-latex/TimeSeries-3.pdf>
[33]
Underfull \vbox (badness 10000) detected at line 1280
 []

[34]
File: Exploratory-Data-Analysis_files/figure-latex/TimeSeries-4.pdf Graphic fil
e (type pdf)
<use Exploratory-Data-Analysis_files/figure-latex/TimeSeries-4.pdf>
[35] [36] (./Exploratory-Data-Analysis.aux)
 ***********
LaTeX2e <2023-11-01> patch level 1
L3 programming layer <2024-02-20>
 ***********

LaTeX Warning: There were multiply-defined labels.

 ) 
Here is how much of TeX's memory you used:
 21005 strings out of 474773
 387977 string characters out of 5757723
 2008839 words of memory out of 5000000
 42828 multiletter control sequences out of 15000+600000
 564578 words of font info for 84 fonts, out of 8000000 for 9000
 1348 hyphenation exceptions out of 8191
 90i,10n,121p,1022b,452s stack positions out of 10000i,1000n,20000p,200000b,200000s

Output written on Exploratory-Data-Analysis.pdf (36 pages).
